
/home/runner/work/exp-pulse-control-system-iitkgp/exp-pulse-control-system-iitkgp/experiment/simulation/js/DS.js
     4:10   warning  'inputChange' is defined but never used             no-unused-vars
    15:10   warning  'refresh' is defined but never used                 no-unused-vars
    30:5    warning  'dataOPPoints' is assigned a value but never used   no-unused-vars
    31:5    warning  'dataOPPoints1' is assigned a value but never used  no-unused-vars
    36:10   warning  'system01' is defined but never used                no-unused-vars
    40:1    warning  Mixed spaces and tabs                               no-mixed-spaces-and-tabs
    50:1    warning  Mixed spaces and tabs                               no-mixed-spaces-and-tabs
    50:14   warning  'Ts' is assigned a value but never used             no-unused-vars
    89:11   warning  'math' is not defined                               no-undef
    89:23   warning  'math' is not defined                               no-undef
    89:34   warning  'math' is not defined                               no-undef
    89:48   warning  'math' is not defined                               no-undef
    90:11   warning  'math' is not defined                               no-undef
    90:23   warning  'math' is not defined                               no-undef
    90:34   warning  'math' is not defined                               no-undef
    90:48   warning  'math' is not defined                               no-undef
    90:57   warning  'math' is not defined                               no-undef
    90:76   warning  'math' is not defined                               no-undef
    91:11   warning  'math' is not defined                               no-undef
    91:23   warning  'math' is not defined                               no-undef
    91:34   warning  'math' is not defined                               no-undef
    91:48   warning  'math' is not defined                               no-undef
    91:57   warning  'math' is not defined                               no-undef
    91:77   warning  'math' is not defined                               no-undef
   177:1    warning  Mixed spaces and tabs                               no-mixed-spaces-and-tabs
   188:10   warning  'system02' is defined but never used                no-unused-vars
   192:1    warning  Mixed spaces and tabs                               no-mixed-spaces-and-tabs
   202:1    warning  Mixed spaces and tabs                               no-mixed-spaces-and-tabs
   208:12   warning  'bd2' is not defined                                no-undef
   209:12   warning  'math' is not defined                               no-undef
   211:16   warning  'math' is not defined                               no-undef
   211:28   warning  'math' is not defined                               no-undef
   211:39   warning  'math' is not defined                               no-undef
   211:53   warning  'math' is not defined                               no-undef
   211:65   warning  'math' is not defined                               no-undef
   211:86   warning  'math' is not defined                               no-undef
   212:16   warning  'math' is not defined                               no-undef
   212:28   warning  'math' is not defined                               no-undef
   212:39   warning  'math' is not defined                               no-undef
   212:53   warning  'math' is not defined                               no-undef
   212:65   warning  'math' is not defined                               no-undef
   212:74   warning  'math' is not defined                               no-undef
   212:96   warning  'math' is not defined                               no-undef
   213:16   warning  'math' is not defined                               no-undef
   213:28   warning  'math' is not defined                               no-undef
   213:39   warning  'math' is not defined                               no-undef
   213:54   warning  'math' is not defined                               no-undef
   213:63   warning  'math' is not defined                               no-undef
   213:83   warning  'math' is not defined                               no-undef
   215:14   warning  'math' is not defined                               no-undef
   215:26   warning  'math' is not defined                               no-undef
   215:37   warning  'math' is not defined                               no-undef
   215:51   warning  'math' is not defined                               no-undef
   217:16   warning  'math' is not defined                               no-undef
   217:28   warning  'math' is not defined                               no-undef
   217:39   warning  'math' is not defined                               no-undef
   217:53   warning  'math' is not defined                               no-undef
   217:62   warning  'math' is not defined                               no-undef
   217:84   warning  'math' is not defined                               no-undef
   218:16   warning  'math' is not defined                               no-undef
   218:28   warning  'math' is not defined                               no-undef
   218:39   warning  'math' is not defined                               no-undef
   218:53   warning  'math' is not defined                               no-undef
   218:65   warning  'math' is not defined                               no-undef
   218:86   warning  'math' is not defined                               no-undef
   220:14   warning  'math' is not defined                               no-undef
   220:26   warning  'math' is not defined                               no-undef
   220:37   warning  'math' is not defined                               no-undef
   220:51   warning  'math' is not defined                               no-undef
   221:14   warning  'math' is not defined                               no-undef
   221:26   warning  'math' is not defined                               no-undef
   221:37   warning  'math' is not defined                               no-undef
   221:51   warning  'math' is not defined                               no-undef
   225:16   warning  'bd2' is not defined                                no-undef
   232:70   warning  'bd2' is not defined                                no-undef
   354:1    warning  Mixed spaces and tabs                               no-mixed-spaces-and-tabs
   365:10   warning  'system' is defined but never used                  no-unused-vars
   369:1    warning  Mixed spaces and tabs                               no-mixed-spaces-and-tabs
   379:1    warning  Mixed spaces and tabs                               no-mixed-spaces-and-tabs
   379:14   warning  'Ts' is assigned a value but never used             no-unused-vars
   385:12   warning  'math' is not defined                               no-undef
   385:24   warning  'math' is not defined                               no-undef
   385:35   warning  'math' is not defined                               no-undef
   385:49   warning  'math' is not defined                               no-undef
   386:12   warning  'math' is not defined                               no-undef
   386:24   warning  'math' is not defined                               no-undef
   386:35   warning  'math' is not defined                               no-undef
   386:49   warning  'math' is not defined                               no-undef
   387:12   warning  'math' is not defined                               no-undef
   387:24   warning  'math' is not defined                               no-undef
   387:35   warning  'math' is not defined                               no-undef
   387:49   warning  'math' is not defined                               no-undef
   388:2    warning  Mixed spaces and tabs                               no-mixed-spaces-and-tabs
   388:15   warning  'math' is not defined                               no-undef
   388:27   warning  'math' is not defined                               no-undef
   388:38   warning  'math' is not defined                               no-undef
   388:52   warning  'math' is not defined                               no-undef
   393:12   warning  'b22' is not defined                                no-undef
   394:12   warning  'math' is not defined                               no-undef
   394:24   warning  'math' is not defined                               no-undef
   394:35   warning  'math' is not defined                               no-undef
   394:49   warning  'math' is not defined                               no-undef
   395:12   warning  'math' is not defined                               no-undef
   395:24   warning  'math' is not defined                               no-undef
   395:35   warning  'math' is not defined                               no-undef
   395:49   warning  'math' is not defined                               no-undef
   410:13   warning  'math' is not defined                               no-undef
   411:8    warning  'mB' is assigned a value but never used             no-unused-vars
   411:13   warning  'math' is not defined                               no-undef
   411:44   warning  'b22' is not defined                                no-undef
   417:89   warning  'b22' is not defined                                no-undef
   428:12   warning  'math' is not defined                               no-undef
   432:12   warning  'math' is not defined                               no-undef
   432:24   warning  'math' is not defined                               no-undef
   432:35   warning  'math' is not defined                               no-undef
   433:12   warning  'math' is not defined                               no-undef
   433:24   warning  'math' is not defined                               no-undef
   433:35   warning  'math' is not defined                               no-undef
   445:4    warning  'E1' is not defined                                 no-undef
   446:4    warning  'E2' is not defined                                 no-undef
   493:1    warning  Mixed spaces and tabs                               no-mixed-spaces-and-tabs
   504:10   warning  'DSSDC' is defined but never used                   no-unused-vars
   507:1    warning  Mixed spaces and tabs                               no-mixed-spaces-and-tabs
   516:1    warning  Mixed spaces and tabs                               no-mixed-spaces-and-tabs
   522:12   warning  'math' is not defined                               no-undef
   522:24   warning  'math' is not defined                               no-undef
   522:35   warning  'math' is not defined                               no-undef
   522:49   warning  'math' is not defined                               no-undef
   523:12   warning  'math' is not defined                               no-undef
   523:24   warning  'math' is not defined                               no-undef
   523:35   warning  'math' is not defined                               no-undef
   523:49   warning  'math' is not defined                               no-undef
   524:12   warning  'math' is not defined                               no-undef
   524:24   warning  'math' is not defined                               no-undef
   524:35   warning  'math' is not defined                               no-undef
   524:49   warning  'math' is not defined                               no-undef
   525:2    warning  Mixed spaces and tabs                               no-mixed-spaces-and-tabs
   525:15   warning  'math' is not defined                               no-undef
   525:27   warning  'math' is not defined                               no-undef
   525:38   warning  'math' is not defined                               no-undef
   525:52   warning  'math' is not defined                               no-undef
   530:12   warning  'b22' is not defined                                no-undef
   531:12   warning  'math' is not defined                               no-undef
   531:24   warning  'math' is not defined                               no-undef
   531:35   warning  'math' is not defined                               no-undef
   531:49   warning  'math' is not defined                               no-undef
   532:12   warning  'math' is not defined                               no-undef
   532:24   warning  'math' is not defined                               no-undef
   532:35   warning  'math' is not defined                               no-undef
   532:49   warning  'math' is not defined                               no-undef
   538:8    warning  'mA' is assigned a value but never used             no-unused-vars
   538:13   warning  'math' is not defined                               no-undef
   539:8    warning  'mB' is assigned a value but never used             no-unused-vars
   539:13   warning  'math' is not defined                               no-undef
   539:44   warning  'b22' is not defined                                no-undef
   551:16   warning  'math' is not defined                               no-undef
   551:28   warning  'math' is not defined                               no-undef
   551:39   warning  'math' is not defined                               no-undef
   551:53   warning  'math' is not defined                               no-undef
   552:16   warning  'math' is not defined                               no-undef
   552:28   warning  'math' is not defined                               no-undef
   552:39   warning  'math' is not defined                               no-undef
   552:53   warning  'math' is not defined                               no-undef
   553:16   warning  'math' is not defined                               no-undef
   553:28   warning  'math' is not defined                               no-undef
   553:39   warning  'math' is not defined                               no-undef
   553:53   warning  'math' is not defined                               no-undef
   554:16   warning  'math' is not defined                               no-undef
   554:28   warning  'math' is not defined                               no-undef
   554:39   warning  'math' is not defined                               no-undef
   554:53   warning  'math' is not defined                               no-undef
   556:16   warning  'math' is not defined                               no-undef
   556:28   warning  'math' is not defined                               no-undef
   556:39   warning  'math' is not defined                               no-undef
   556:53   warning  'math' is not defined                               no-undef
   556:67   warning  'math' is not defined                               no-undef
   556:76   warning  'math' is not defined                               no-undef
   556:99   warning  'math' is not defined                               no-undef
   557:16   warning  'math' is not defined                               no-undef
   557:28   warning  'math' is not defined                               no-undef
   557:39   warning  'math' is not defined                               no-undef
   557:53   warning  'math' is not defined                               no-undef
   557:67   warning  'math' is not defined                               no-undef
   557:76   warning  'math' is not defined                               no-undef
   557:99   warning  'math' is not defined                               no-undef
   558:16   warning  'math' is not defined                               no-undef
   558:28   warning  'math' is not defined                               no-undef
   558:39   warning  'math' is not defined                               no-undef
   558:53   warning  'math' is not defined                               no-undef
   558:67   warning  'math' is not defined                               no-undef
   558:76   warning  'math' is not defined                               no-undef
   558:99   warning  'math' is not defined                               no-undef
   559:16   warning  'math' is not defined                               no-undef
   559:28   warning  'math' is not defined                               no-undef
   559:39   warning  'math' is not defined                               no-undef
   559:53   warning  'math' is not defined                               no-undef
   559:67   warning  'math' is not defined                               no-undef
   559:76   warning  'math' is not defined                               no-undef
   559:99   warning  'math' is not defined                               no-undef
   561:16   warning  'math' is not defined                               no-undef
   561:28   warning  'math' is not defined                               no-undef
   561:39   warning  'math' is not defined                               no-undef
   561:53   warning  'math' is not defined                               no-undef
   561:67   warning  'math' is not defined                               no-undef
   561:76   warning  'math' is not defined                               no-undef
   561:101  warning  'math' is not defined                               no-undef
   562:16   warning  'math' is not defined                               no-undef
   562:28   warning  'math' is not defined                               no-undef
   562:39   warning  'math' is not defined                               no-undef
   562:53   warning  'math' is not defined                               no-undef
   562:67   warning  'math' is not defined                               no-undef
   562:76   warning  'math' is not defined                               no-undef
   562:101  warning  'math' is not defined                               no-undef
   563:16   warning  'math' is not defined                               no-undef
   563:28   warning  'math' is not defined                               no-undef
   563:39   warning  'math' is not defined                               no-undef
   563:53   warning  'math' is not defined                               no-undef
   563:67   warning  'math' is not defined                               no-undef
   563:76   warning  'math' is not defined                               no-undef
   563:101  warning  'math' is not defined                               no-undef
   564:16   warning  'math' is not defined                               no-undef
   564:28   warning  'math' is not defined                               no-undef
   564:39   warning  'math' is not defined                               no-undef
   564:53   warning  'math' is not defined                               no-undef
   564:67   warning  'math' is not defined                               no-undef
   564:76   warning  'math' is not defined                               no-undef
   564:101  warning  'math' is not defined                               no-undef
   566:16   warning  'math' is not defined                               no-undef
   566:28   warning  'math' is not defined                               no-undef
   566:39   warning  'math' is not defined                               no-undef
   566:53   warning  'math' is not defined                               no-undef
   566:67   warning  'math' is not defined                               no-undef
   566:76   warning  'math' is not defined                               no-undef
   566:101  warning  'math' is not defined                               no-undef
   567:16   warning  'math' is not defined                               no-undef
   567:28   warning  'math' is not defined                               no-undef
   567:39   warning  'math' is not defined                               no-undef
   567:53   warning  'math' is not defined                               no-undef
   567:67   warning  'math' is not defined                               no-undef
   567:76   warning  'math' is not defined                               no-undef
   567:101  warning  'math' is not defined                               no-undef
   568:16   warning  'math' is not defined                               no-undef
   568:28   warning  'math' is not defined                               no-undef
   568:39   warning  'math' is not defined                               no-undef
   568:53   warning  'math' is not defined                               no-undef
   568:67   warning  'math' is not defined                               no-undef
   568:76   warning  'math' is not defined                               no-undef
   568:101  warning  'math' is not defined                               no-undef
   569:16   warning  'math' is not defined                               no-undef
   569:28   warning  'math' is not defined                               no-undef
   569:39   warning  'math' is not defined                               no-undef
   569:53   warning  'math' is not defined                               no-undef
   569:67   warning  'math' is not defined                               no-undef
   569:76   warning  'math' is not defined                               no-undef
   569:101  warning  'math' is not defined                               no-undef
   571:16   warning  'math' is not defined                               no-undef
   571:28   warning  'math' is not defined                               no-undef
   571:39   warning  'math' is not defined                               no-undef
   571:53   warning  'math' is not defined                               no-undef
   571:67   warning  'math' is not defined                               no-undef
   571:76   warning  'math' is not defined                               no-undef
   571:101  warning  'math' is not defined                               no-undef
   572:16   warning  'math' is not defined                               no-undef
   572:28   warning  'math' is not defined                               no-undef
   572:39   warning  'math' is not defined                               no-undef
   572:53   warning  'math' is not defined                               no-undef
   572:67   warning  'math' is not defined                               no-undef
   572:76   warning  'math' is not defined                               no-undef
   572:101  warning  'math' is not defined                               no-undef
   573:16   warning  'math' is not defined                               no-undef
   573:28   warning  'math' is not defined                               no-undef
   573:39   warning  'math' is not defined                               no-undef
   573:53   warning  'math' is not defined                               no-undef
   573:67   warning  'math' is not defined                               no-undef
   573:76   warning  'math' is not defined                               no-undef
   573:101  warning  'math' is not defined                               no-undef
   574:16   warning  'math' is not defined                               no-undef
   574:28   warning  'math' is not defined                               no-undef
   574:39   warning  'math' is not defined                               no-undef
   574:53   warning  'math' is not defined                               no-undef
   574:67   warning  'math' is not defined                               no-undef
   574:76   warning  'math' is not defined                               no-undef
   574:101  warning  'math' is not defined                               no-undef
   576:16   warning  'math' is not defined                               no-undef
   576:28   warning  'math' is not defined                               no-undef
   576:39   warning  'math' is not defined                               no-undef
   576:53   warning  'math' is not defined                               no-undef
   576:67   warning  'math' is not defined                               no-undef
   576:76   warning  'math' is not defined                               no-undef
   576:101  warning  'math' is not defined                               no-undef
   577:16   warning  'math' is not defined                               no-undef
   577:28   warning  'math' is not defined                               no-undef
   577:39   warning  'math' is not defined                               no-undef
   577:53   warning  'math' is not defined                               no-undef
   577:67   warning  'math' is not defined                               no-undef
   577:76   warning  'math' is not defined                               no-undef
   577:101  warning  'math' is not defined                               no-undef
   578:16   warning  'math' is not defined                               no-undef
   578:28   warning  'math' is not defined                               no-undef
   578:39   warning  'math' is not defined                               no-undef
   578:53   warning  'math' is not defined                               no-undef
   578:67   warning  'math' is not defined                               no-undef
   578:76   warning  'math' is not defined                               no-undef
   578:101  warning  'math' is not defined                               no-undef
   579:16   warning  'math' is not defined                               no-undef
   579:28   warning  'math' is not defined                               no-undef
   579:39   warning  'math' is not defined                               no-undef
   579:53   warning  'math' is not defined                               no-undef
   579:67   warning  'math' is not defined                               no-undef
   579:76   warning  'math' is not defined                               no-undef
   579:101  warning  'math' is not defined                               no-undef
   582:15   warning  'math' is not defined                               no-undef
   582:27   warning  'math' is not defined                               no-undef
   582:38   warning  'math' is not defined                               no-undef
   582:52   warning  'math' is not defined                               no-undef
   583:15   warning  'math' is not defined                               no-undef
   583:27   warning  'math' is not defined                               no-undef
   583:38   warning  'math' is not defined                               no-undef
   583:52   warning  'math' is not defined                               no-undef
   584:15   warning  'math' is not defined                               no-undef
   584:27   warning  'math' is not defined                               no-undef
   584:38   warning  'math' is not defined                               no-undef
   584:52   warning  'math' is not defined                               no-undef
   585:15   warning  'math' is not defined                               no-undef
   585:27   warning  'math' is not defined                               no-undef
   585:38   warning  'math' is not defined                               no-undef
   585:52   warning  'math' is not defined                               no-undef
   589:17   warning  'math' is not defined                               no-undef
   589:29   warning  'math' is not defined                               no-undef
   589:40   warning  'math' is not defined                               no-undef
   589:54   warning  'math' is not defined                               no-undef
   590:17   warning  'math' is not defined                               no-undef
   590:29   warning  'math' is not defined                               no-undef
   590:40   warning  'math' is not defined                               no-undef
   590:54   warning  'math' is not defined                               no-undef
   591:17   warning  'math' is not defined                               no-undef
   591:29   warning  'math' is not defined                               no-undef
   591:40   warning  'math' is not defined                               no-undef
   591:54   warning  'math' is not defined                               no-undef
   592:17   warning  'math' is not defined                               no-undef
   592:29   warning  'math' is not defined                               no-undef
   592:40   warning  'math' is not defined                               no-undef
   592:54   warning  'math' is not defined                               no-undef
   594:17   warning  'math' is not defined                               no-undef
   594:29   warning  'math' is not defined                               no-undef
   594:40   warning  'math' is not defined                               no-undef
   594:54   warning  'math' is not defined                               no-undef
   594:68   warning  'math' is not defined                               no-undef
   594:77   warning  'math' is not defined                               no-undef
   594:100  warning  'math' is not defined                               no-undef
   595:17   warning  'math' is not defined                               no-undef
   595:29   warning  'math' is not defined                               no-undef
   595:40   warning  'math' is not defined                               no-undef
   595:54   warning  'math' is not defined                               no-undef
   595:68   warning  'math' is not defined                               no-undef
   595:77   warning  'math' is not defined                               no-undef
   595:100  warning  'math' is not defined                               no-undef
   596:17   warning  'math' is not defined                               no-undef
   596:29   warning  'math' is not defined                               no-undef
   596:40   warning  'math' is not defined                               no-undef
   596:54   warning  'math' is not defined                               no-undef
   596:68   warning  'math' is not defined                               no-undef
   596:77   warning  'math' is not defined                               no-undef
   596:100  warning  'math' is not defined                               no-undef
   597:17   warning  'math' is not defined                               no-undef
   597:29   warning  'math' is not defined                               no-undef
   597:40   warning  'math' is not defined                               no-undef
   597:54   warning  'math' is not defined                               no-undef
   597:68   warning  'math' is not defined                               no-undef
   597:77   warning  'math' is not defined                               no-undef
   597:100  warning  'math' is not defined                               no-undef
   599:17   warning  'math' is not defined                               no-undef
   599:29   warning  'math' is not defined                               no-undef
   599:40   warning  'math' is not defined                               no-undef
   599:54   warning  'math' is not defined                               no-undef
   599:68   warning  'math' is not defined                               no-undef
   599:77   warning  'math' is not defined                               no-undef
   599:103  warning  'math' is not defined                               no-undef
   600:17   warning  'math' is not defined                               no-undef
   600:29   warning  'math' is not defined                               no-undef
   600:40   warning  'math' is not defined                               no-undef
   600:54   warning  'math' is not defined                               no-undef
   600:68   warning  'math' is not defined                               no-undef
   600:77   warning  'math' is not defined                               no-undef
   600:103  warning  'math' is not defined                               no-undef
   601:17   warning  'math' is not defined                               no-undef
   601:29   warning  'math' is not defined                               no-undef
   601:40   warning  'math' is not defined                               no-undef
   601:54   warning  'math' is not defined                               no-undef
   601:68   warning  'math' is not defined                               no-undef
   601:77   warning  'math' is not defined                               no-undef
   601:103  warning  'math' is not defined                               no-undef
   602:17   warning  'math' is not defined                               no-undef
   602:29   warning  'math' is not defined                               no-undef
   602:40   warning  'math' is not defined                               no-undef
   602:54   warning  'math' is not defined                               no-undef
   602:68   warning  'math' is not defined                               no-undef
   602:77   warning  'math' is not defined                               no-undef
   602:103  warning  'math' is not defined                               no-undef
   604:17   warning  'math' is not defined                               no-undef
   604:29   warning  'math' is not defined                               no-undef
   604:40   warning  'math' is not defined                               no-undef
   604:54   warning  'math' is not defined                               no-undef
   604:68   warning  'math' is not defined                               no-undef
   604:77   warning  'math' is not defined                               no-undef
   604:103  warning  'math' is not defined                               no-undef
   605:17   warning  'math' is not defined                               no-undef
   605:29   warning  'math' is not defined                               no-undef
   605:40   warning  'math' is not defined                               no-undef
   605:54   warning  'math' is not defined                               no-undef
   605:68   warning  'math' is not defined                               no-undef
   605:77   warning  'math' is not defined                               no-undef
   605:103  warning  'math' is not defined                               no-undef
   606:17   warning  'math' is not defined                               no-undef
   606:29   warning  'math' is not defined                               no-undef
   606:40   warning  'math' is not defined                               no-undef
   606:54   warning  'math' is not defined                               no-undef
   606:68   warning  'math' is not defined                               no-undef
   606:77   warning  'math' is not defined                               no-undef
   606:103  warning  'math' is not defined                               no-undef
   607:17   warning  'math' is not defined                               no-undef
   607:29   warning  'math' is not defined                               no-undef
   607:40   warning  'math' is not defined                               no-undef
   607:54   warning  'math' is not defined                               no-undef
   607:68   warning  'math' is not defined                               no-undef
   607:77   warning  'math' is not defined                               no-undef
   607:103  warning  'math' is not defined                               no-undef
   609:17   warning  'math' is not defined                               no-undef
   609:29   warning  'math' is not defined                               no-undef
   609:40   warning  'math' is not defined                               no-undef
   609:54   warning  'math' is not defined                               no-undef
   609:68   warning  'math' is not defined                               no-undef
   609:77   warning  'math' is not defined                               no-undef
   609:103  warning  'math' is not defined                               no-undef
   610:17   warning  'math' is not defined                               no-undef
   610:29   warning  'math' is not defined                               no-undef
   610:40   warning  'math' is not defined                               no-undef
   610:54   warning  'math' is not defined                               no-undef
   610:68   warning  'math' is not defined                               no-undef
   610:77   warning  'math' is not defined                               no-undef
   610:103  warning  'math' is not defined                               no-undef
   611:17   warning  'math' is not defined                               no-undef
   611:29   warning  'math' is not defined                               no-undef
   611:40   warning  'math' is not defined                               no-undef
   611:54   warning  'math' is not defined                               no-undef
   611:68   warning  'math' is not defined                               no-undef
   611:77   warning  'math' is not defined                               no-undef
   611:103  warning  'math' is not defined                               no-undef
   612:17   warning  'math' is not defined                               no-undef
   612:29   warning  'math' is not defined                               no-undef
   612:40   warning  'math' is not defined                               no-undef
   612:54   warning  'math' is not defined                               no-undef
   612:68   warning  'math' is not defined                               no-undef
   612:77   warning  'math' is not defined                               no-undef
   612:103  warning  'math' is not defined                               no-undef
   614:17   warning  'math' is not defined                               no-undef
   614:29   warning  'math' is not defined                               no-undef
   614:40   warning  'math' is not defined                               no-undef
   614:54   warning  'math' is not defined                               no-undef
   614:68   warning  'math' is not defined                               no-undef
   614:77   warning  'math' is not defined                               no-undef
   614:103  warning  'math' is not defined                               no-undef
   615:17   warning  'math' is not defined                               no-undef
   615:29   warning  'math' is not defined                               no-undef
   615:40   warning  'math' is not defined                               no-undef
   615:54   warning  'math' is not defined                               no-undef
   615:68   warning  'math' is not defined                               no-undef
   615:77   warning  'math' is not defined                               no-undef
   615:103  warning  'math' is not defined                               no-undef
   616:17   warning  'math' is not defined                               no-undef
   616:29   warning  'math' is not defined                               no-undef
   616:40   warning  'math' is not defined                               no-undef
   616:54   warning  'math' is not defined                               no-undef
   616:68   warning  'math' is not defined                               no-undef
   616:77   warning  'math' is not defined                               no-undef
   616:103  warning  'math' is not defined                               no-undef
   617:17   warning  'math' is not defined                               no-undef
   617:29   warning  'math' is not defined                               no-undef
   617:40   warning  'math' is not defined                               no-undef
   617:54   warning  'math' is not defined                               no-undef
   617:68   warning  'math' is not defined                               no-undef
   617:77   warning  'math' is not defined                               no-undef
   617:103  warning  'math' is not defined                               no-undef
   619:16   warning  'math' is not defined                               no-undef
   619:28   warning  'math' is not defined                               no-undef
   619:39   warning  'math' is not defined                               no-undef
   619:53   warning  'math' is not defined                               no-undef
   620:16   warning  'math' is not defined                               no-undef
   620:28   warning  'math' is not defined                               no-undef
   620:39   warning  'math' is not defined                               no-undef
   620:53   warning  'math' is not defined                               no-undef
   621:16   warning  'math' is not defined                               no-undef
   621:28   warning  'math' is not defined                               no-undef
   621:39   warning  'math' is not defined                               no-undef
   621:53   warning  'math' is not defined                               no-undef
   622:16   warning  'math' is not defined                               no-undef
   622:28   warning  'math' is not defined                               no-undef
   622:39   warning  'math' is not defined                               no-undef
   622:53   warning  'math' is not defined                               no-undef
   624:15   warning  'math' is not defined                               no-undef
   624:27   warning  'math' is not defined                               no-undef
   624:38   warning  'math' is not defined                               no-undef
   624:52   warning  'math' is not defined                               no-undef
   624:61   warning  'math' is not defined                               no-undef
   624:89   warning  'math' is not defined                               no-undef
   625:15   warning  'math' is not defined                               no-undef
   625:27   warning  'math' is not defined                               no-undef
   625:38   warning  'math' is not defined                               no-undef
   625:52   warning  'math' is not defined                               no-undef
   625:61   warning  'math' is not defined                               no-undef
   625:89   warning  'math' is not defined                               no-undef
   625:109  warning  'b22' is not defined                                no-undef
   626:15   warning  'math' is not defined                               no-undef
   626:27   warning  'math' is not defined                               no-undef
   626:38   warning  'math' is not defined                               no-undef
   626:52   warning  'math' is not defined                               no-undef
   626:61   warning  'math' is not defined                               no-undef
   626:89   warning  'math' is not defined                               no-undef
   627:15   warning  'math' is not defined                               no-undef
   627:27   warning  'math' is not defined                               no-undef
   627:38   warning  'math' is not defined                               no-undef
   627:52   warning  'math' is not defined                               no-undef
   627:61   warning  'math' is not defined                               no-undef
   627:89   warning  'math' is not defined                               no-undef
   627:109  warning  'b22' is not defined                                no-undef
   639:8    warning  'mF' is assigned a value but never used             no-unused-vars
   639:13   warning  'math' is not defined                               no-undef
   640:8    warning  'mg' is assigned a value but never used             no-unused-vars
   640:13   warning  'math' is not defined                               no-undef
   647:3    warning  Mixed spaces and tabs                               no-mixed-spaces-and-tabs
   653:10   warning  'EP' is defined but never used                      no-unused-vars
   656:1    warning  Mixed spaces and tabs                               no-mixed-spaces-and-tabs
   658:17   warning  'va' is assigned a value but never used             no-unused-vars
   659:8    warning  'td' is assigned a value but never used             no-unused-vars
   660:8    warning  'tds' is assigned a value but never used            no-unused-vars
   661:17   warning  'tde' is assigned a value but never used            no-unused-vars
   677:9    warning  'Cntrl_Test1' is defined but never used             no-unused-vars
   678:6    warning  'Cntrl_Test2' is defined but never used             no-unused-vars
   679:6    warning  'Cntrl_Test3' is defined but never used             no-unused-vars
   682:6    warning  'dArray1' is assigned a value but never used        no-unused-vars
   682:17   warning  'dArray2' is assigned a value but never used        no-unused-vars
   682:28   warning  'dArray3' is assigned a value but never used        no-unused-vars
   682:39   warning  'dArray4' is assigned a value but never used        no-unused-vars
   684:10   warning  'plotDC' is defined but never used                  no-unused-vars
   692:1    warning  Mixed spaces and tabs                               no-mixed-spaces-and-tabs
   700:1    warning  Mixed spaces and tabs                               no-mixed-spaces-and-tabs
   708:14   warning  'math' is not defined                               no-undef
   717:12   warning  'math' is not defined                               no-undef
   717:24   warning  'math' is not defined                               no-undef
   717:35   warning  'math' is not defined                               no-undef
   717:49   warning  'math' is not defined                               no-undef
   718:12   warning  'math' is not defined                               no-undef
   718:24   warning  'math' is not defined                               no-undef
   718:35   warning  'math' is not defined                               no-undef
   718:49   warning  'math' is not defined                               no-undef
   719:12   warning  'math' is not defined                               no-undef
   719:24   warning  'math' is not defined                               no-undef
   719:35   warning  'math' is not defined                               no-undef
   719:49   warning  'math' is not defined                               no-undef
   720:2    warning  Mixed spaces and tabs                               no-mixed-spaces-and-tabs
   720:15   warning  'math' is not defined                               no-undef
   720:27   warning  'math' is not defined                               no-undef
   720:38   warning  'math' is not defined                               no-undef
   720:52   warning  'math' is not defined                               no-undef
   725:12   warning  'b22' is not defined                                no-undef
   726:12   warning  'math' is not defined                               no-undef
   726:24   warning  'math' is not defined                               no-undef
   726:35   warning  'math' is not defined                               no-undef
   726:49   warning  'math' is not defined                               no-undef
   727:12   warning  'math' is not defined                               no-undef
   727:24   warning  'math' is not defined                               no-undef
   727:35   warning  'math' is not defined                               no-undef
   727:49   warning  'math' is not defined                               no-undef
   733:8    warning  'd11' is assigned a value but never used            no-unused-vars
   735:8    warning  'mA' is assigned a value but never used             no-unused-vars
   735:13   warning  'math' is not defined                               no-undef
   736:8    warning  'mB' is assigned a value but never used             no-unused-vars
   736:13   warning  'math' is not defined                               no-undef
   736:44   warning  'b22' is not defined                                no-undef
   748:16   warning  'math' is not defined                               no-undef
   748:28   warning  'math' is not defined                               no-undef
   748:39   warning  'math' is not defined                               no-undef
   748:53   warning  'math' is not defined                               no-undef
   749:16   warning  'math' is not defined                               no-undef
   749:28   warning  'math' is not defined                               no-undef
   749:39   warning  'math' is not defined                               no-undef
   749:53   warning  'math' is not defined                               no-undef
   750:16   warning  'math' is not defined                               no-undef
   750:28   warning  'math' is not defined                               no-undef
   750:39   warning  'math' is not defined                               no-undef
   750:53   warning  'math' is not defined                               no-undef
   751:16   warning  'math' is not defined                               no-undef
   751:28   warning  'math' is not defined                               no-undef
   751:39   warning  'math' is not defined                               no-undef
   751:53   warning  'math' is not defined                               no-undef
   753:16   warning  'math' is not defined                               no-undef
   753:28   warning  'math' is not defined                               no-undef
   753:39   warning  'math' is not defined                               no-undef
   753:53   warning  'math' is not defined                               no-undef
   753:67   warning  'math' is not defined                               no-undef
   753:76   warning  'math' is not defined                               no-undef
   753:99   warning  'math' is not defined                               no-undef
   754:16   warning  'math' is not defined                               no-undef
   754:28   warning  'math' is not defined                               no-undef
   754:39   warning  'math' is not defined                               no-undef
   754:53   warning  'math' is not defined                               no-undef
   754:67   warning  'math' is not defined                               no-undef
   754:76   warning  'math' is not defined                               no-undef
   754:99   warning  'math' is not defined                               no-undef
   755:16   warning  'math' is not defined                               no-undef
   755:28   warning  'math' is not defined                               no-undef
   755:39   warning  'math' is not defined                               no-undef
   755:53   warning  'math' is not defined                               no-undef
   755:67   warning  'math' is not defined                               no-undef
   755:76   warning  'math' is not defined                               no-undef
   755:99   warning  'math' is not defined                               no-undef
   756:16   warning  'math' is not defined                               no-undef
   756:28   warning  'math' is not defined                               no-undef
   756:39   warning  'math' is not defined                               no-undef
   756:53   warning  'math' is not defined                               no-undef
   756:67   warning  'math' is not defined                               no-undef
   756:76   warning  'math' is not defined                               no-undef
   756:99   warning  'math' is not defined                               no-undef
   758:16   warning  'math' is not defined                               no-undef
   758:28   warning  'math' is not defined                               no-undef
   758:39   warning  'math' is not defined                               no-undef
   758:53   warning  'math' is not defined                               no-undef
   758:67   warning  'math' is not defined                               no-undef
   758:76   warning  'math' is not defined                               no-undef
   758:101  warning  'math' is not defined                               no-undef
   759:16   warning  'math' is not defined                               no-undef
   759:28   warning  'math' is not defined                               no-undef
   759:39   warning  'math' is not defined                               no-undef
   759:53   warning  'math' is not defined                               no-undef
   759:67   warning  'math' is not defined                               no-undef
   759:76   warning  'math' is not defined                               no-undef
   759:101  warning  'math' is not defined                               no-undef
   760:16   warning  'math' is not defined                               no-undef
   760:28   warning  'math' is not defined                               no-undef
   760:39   warning  'math' is not defined                               no-undef
   760:53   warning  'math' is not defined                               no-undef
   760:67   warning  'math' is not defined                               no-undef
   760:76   warning  'math' is not defined                               no-undef
   760:101  warning  'math' is not defined                               no-undef
   761:16   warning  'math' is not defined                               no-undef
   761:28   warning  'math' is not defined                               no-undef
   761:39   warning  'math' is not defined                               no-undef
   761:53   warning  'math' is not defined                               no-undef
   761:67   warning  'math' is not defined                               no-undef
   761:76   warning  'math' is not defined                               no-undef
   761:101  warning  'math' is not defined                               no-undef
   763:16   warning  'math' is not defined                               no-undef
   763:28   warning  'math' is not defined                               no-undef
   763:39   warning  'math' is not defined                               no-undef
   763:53   warning  'math' is not defined                               no-undef
   763:67   warning  'math' is not defined                               no-undef
   763:76   warning  'math' is not defined                               no-undef
   763:101  warning  'math' is not defined                               no-undef
   764:16   warning  'math' is not defined                               no-undef
   764:28   warning  'math' is not defined                               no-undef
   764:39   warning  'math' is not defined                               no-undef
   764:53   warning  'math' is not defined                               no-undef
   764:67   warning  'math' is not defined                               no-undef
   764:76   warning  'math' is not defined                               no-undef
   764:101  warning  'math' is not defined                               no-undef
   765:16   warning  'math' is not defined                               no-undef
   765:28   warning  'math' is not defined                               no-undef
   765:39   warning  'math' is not defined                               no-undef
   765:53   warning  'math' is not defined                               no-undef
   765:67   warning  'math' is not defined                               no-undef
   765:76   warning  'math' is not defined                               no-undef
   765:101  warning  'math' is not defined                               no-undef
   766:16   warning  'math' is not defined                               no-undef
   766:28   warning  'math' is not defined                               no-undef
   766:39   warning  'math' is not defined                               no-undef
   766:53   warning  'math' is not defined                               no-undef
   766:67   warning  'math' is not defined                               no-undef
   766:76   warning  'math' is not defined                               no-undef
   766:101  warning  'math' is not defined                               no-undef
   768:16   warning  'math' is not defined                               no-undef
   768:28   warning  'math' is not defined                               no-undef
   768:39   warning  'math' is not defined                               no-undef
   768:53   warning  'math' is not defined                               no-undef
   768:67   warning  'math' is not defined                               no-undef
   768:76   warning  'math' is not defined                               no-undef
   768:101  warning  'math' is not defined                               no-undef
   769:16   warning  'math' is not defined                               no-undef
   769:28   warning  'math' is not defined                               no-undef
   769:39   warning  'math' is not defined                               no-undef
   769:53   warning  'math' is not defined                               no-undef
   769:67   warning  'math' is not defined                               no-undef
   769:76   warning  'math' is not defined                               no-undef
   769:101  warning  'math' is not defined                               no-undef
   770:16   warning  'math' is not defined                               no-undef
   770:28   warning  'math' is not defined                               no-undef
   770:39   warning  'math' is not defined                               no-undef
   770:53   warning  'math' is not defined                               no-undef
   770:67   warning  'math' is not defined                               no-undef
   770:76   warning  'math' is not defined                               no-undef
   770:101  warning  'math' is not defined                               no-undef
   771:16   warning  'math' is not defined                               no-undef
   771:28   warning  'math' is not defined                               no-undef
   771:39   warning  'math' is not defined                               no-undef
   771:53   warning  'math' is not defined                               no-undef
   771:67   warning  'math' is not defined                               no-undef
   771:76   warning  'math' is not defined                               no-undef
   771:101  warning  'math' is not defined                               no-undef
   773:16   warning  'math' is not defined                               no-undef
   773:28   warning  'math' is not defined                               no-undef
   773:39   warning  'math' is not defined                               no-undef
   773:53   warning  'math' is not defined                               no-undef
   773:67   warning  'math' is not defined                               no-undef
   773:76   warning  'math' is not defined                               no-undef
   773:101  warning  'math' is not defined                               no-undef
   774:16   warning  'math' is not defined                               no-undef
   774:28   warning  'math' is not defined                               no-undef
   774:39   warning  'math' is not defined                               no-undef
   774:53   warning  'math' is not defined                               no-undef
   774:67   warning  'math' is not defined                               no-undef
   774:76   warning  'math' is not defined                               no-undef
   774:101  warning  'math' is not defined                               no-undef
   775:16   warning  'math' is not defined                               no-undef
   775:28   warning  'math' is not defined                               no-undef
   775:39   warning  'math' is not defined                               no-undef
   775:53   warning  'math' is not defined                               no-undef
   775:67   warning  'math' is not defined                               no-undef
   775:76   warning  'math' is not defined                               no-undef
   775:101  warning  'math' is not defined                               no-undef
   776:16   warning  'math' is not defined                               no-undef
   776:28   warning  'math' is not defined                               no-undef
   776:39   warning  'math' is not defined                               no-undef
   776:53   warning  'math' is not defined                               no-undef
   776:67   warning  'math' is not defined                               no-undef
   776:76   warning  'math' is not defined                               no-undef
   776:101  warning  'math' is not defined                               no-undef
   779:15   warning  'math' is not defined                               no-undef
   779:27   warning  'math' is not defined                               no-undef
   779:38   warning  'math' is not defined                               no-undef
   779:52   warning  'math' is not defined                               no-undef
   780:15   warning  'math' is not defined                               no-undef
   780:27   warning  'math' is not defined                               no-undef
   780:38   warning  'math' is not defined                               no-undef
   780:52   warning  'math' is not defined                               no-undef
   781:15   warning  'math' is not defined                               no-undef
   781:27   warning  'math' is not defined                               no-undef
   781:38   warning  'math' is not defined                               no-undef
   781:52   warning  'math' is not defined                               no-undef
   782:15   warning  'math' is not defined                               no-undef
   782:27   warning  'math' is not defined                               no-undef
   782:38   warning  'math' is not defined                               no-undef
   782:52   warning  'math' is not defined                               no-undef
   786:17   warning  'math' is not defined                               no-undef
   786:29   warning  'math' is not defined                               no-undef
   786:40   warning  'math' is not defined                               no-undef
   786:54   warning  'math' is not defined                               no-undef
   787:17   warning  'math' is not defined                               no-undef
   787:29   warning  'math' is not defined                               no-undef
   787:40   warning  'math' is not defined                               no-undef
   787:54   warning  'math' is not defined                               no-undef
   788:17   warning  'math' is not defined                               no-undef
   788:29   warning  'math' is not defined                               no-undef
   788:40   warning  'math' is not defined                               no-undef
   788:54   warning  'math' is not defined                               no-undef
   789:17   warning  'math' is not defined                               no-undef
   789:29   warning  'math' is not defined                               no-undef
   789:40   warning  'math' is not defined                               no-undef
   789:54   warning  'math' is not defined                               no-undef
   791:17   warning  'math' is not defined                               no-undef
   791:29   warning  'math' is not defined                               no-undef
   791:40   warning  'math' is not defined                               no-undef
   791:54   warning  'math' is not defined                               no-undef
   791:68   warning  'math' is not defined                               no-undef
   791:77   warning  'math' is not defined                               no-undef
   791:100  warning  'math' is not defined                               no-undef
   792:17   warning  'math' is not defined                               no-undef
   792:29   warning  'math' is not defined                               no-undef
   792:40   warning  'math' is not defined                               no-undef
   792:54   warning  'math' is not defined                               no-undef
   792:68   warning  'math' is not defined                               no-undef
   792:77   warning  'math' is not defined                               no-undef
   792:100  warning  'math' is not defined                               no-undef
   793:17   warning  'math' is not defined                               no-undef
   793:29   warning  'math' is not defined                               no-undef
   793:40   warning  'math' is not defined                               no-undef
   793:54   warning  'math' is not defined                               no-undef
   793:68   warning  'math' is not defined                               no-undef
   793:77   warning  'math' is not defined                               no-undef
   793:100  warning  'math' is not defined                               no-undef
   794:17   warning  'math' is not defined                               no-undef
   794:29   warning  'math' is not defined                               no-undef
   794:40   warning  'math' is not defined                               no-undef
   794:54   warning  'math' is not defined                               no-undef
   794:68   warning  'math' is not defined                               no-undef
   794:77   warning  'math' is not defined                               no-undef
   794:100  warning  'math' is not defined                               no-undef
   796:17   warning  'math' is not defined                               no-undef
   796:29   warning  'math' is not defined                               no-undef
   796:40   warning  'math' is not defined                               no-undef
   796:54   warning  'math' is not defined                               no-undef
   796:68   warning  'math' is not defined                               no-undef
   796:77   warning  'math' is not defined                               no-undef
   796:103  warning  'math' is not defined                               no-undef
   797:17   warning  'math' is not defined                               no-undef
   797:29   warning  'math' is not defined                               no-undef
   797:40   warning  'math' is not defined                               no-undef
   797:54   warning  'math' is not defined                               no-undef
   797:68   warning  'math' is not defined                               no-undef
   797:77   warning  'math' is not defined                               no-undef
   797:103  warning  'math' is not defined                               no-undef
   798:17   warning  'math' is not defined                               no-undef
   798:29   warning  'math' is not defined                               no-undef
   798:40   warning  'math' is not defined                               no-undef
   798:54   warning  'math' is not defined                               no-undef
   798:68   warning  'math' is not defined                               no-undef
   798:77   warning  'math' is not defined                               no-undef
   798:103  warning  'math' is not defined                               no-undef
   799:17   warning  'math' is not defined                               no-undef
   799:29   warning  'math' is not defined                               no-undef
   799:40   warning  'math' is not defined                               no-undef
   799:54   warning  'math' is not defined                               no-undef
   799:68   warning  'math' is not defined                               no-undef
   799:77   warning  'math' is not defined                               no-undef
   799:103  warning  'math' is not defined                               no-undef
   801:17   warning  'math' is not defined                               no-undef
   801:29   warning  'math' is not defined                               no-undef
   801:40   warning  'math' is not defined                               no-undef
   801:54   warning  'math' is not defined                               no-undef
   801:68   warning  'math' is not defined                               no-undef
   801:77   warning  'math' is not defined                               no-undef
   801:103  warning  'math' is not defined                               no-undef
   802:17   warning  'math' is not defined                               no-undef
   802:29   warning  'math' is not defined                               no-undef
   802:40   warning  'math' is not defined                               no-undef
   802:54   warning  'math' is not defined                               no-undef
   802:68   warning  'math' is not defined                               no-undef
   802:77   warning  'math' is not defined                               no-undef
   802:103  warning  'math' is not defined                               no-undef
   803:17   warning  'math' is not defined                               no-undef
   803:29   warning  'math' is not defined                               no-undef
   803:40   warning  'math' is not defined                               no-undef
   803:54   warning  'math' is not defined                               no-undef
   803:68   warning  'math' is not defined                               no-undef
   803:77   warning  'math' is not defined                               no-undef
   803:103  warning  'math' is not defined                               no-undef
   804:17   warning  'math' is not defined                               no-undef
   804:29   warning  'math' is not defined                               no-undef
   804:40   warning  'math' is not defined                               no-undef
   804:54   warning  'math' is not defined                               no-undef
   804:68   warning  'math' is not defined                               no-undef
   804:77   warning  'math' is not defined                               no-undef
   804:103  warning  'math' is not defined                               no-undef
   806:17   warning  'math' is not defined                               no-undef
   806:29   warning  'math' is not defined                               no-undef
   806:40   warning  'math' is not defined                               no-undef
   806:54   warning  'math' is not defined                               no-undef
   806:68   warning  'math' is not defined                               no-undef
   806:77   warning  'math' is not defined                               no-undef
   806:103  warning  'math' is not defined                               no-undef
   807:17   warning  'math' is not defined                               no-undef
   807:29   warning  'math' is not defined                               no-undef
   807:40   warning  'math' is not defined                               no-undef
   807:54   warning  'math' is not defined                               no-undef
   807:68   warning  'math' is not defined                               no-undef
   807:77   warning  'math' is not defined                               no-undef
   807:103  warning  'math' is not defined                               no-undef
   808:17   warning  'math' is not defined                               no-undef
   808:29   warning  'math' is not defined                               no-undef
   808:40   warning  'math' is not defined                               no-undef
   808:54   warning  'math' is not defined                               no-undef
   808:68   warning  'math' is not defined                               no-undef
   808:77   warning  'math' is not defined                               no-undef
   808:103  warning  'math' is not defined                               no-undef
   809:17   warning  'math' is not defined                               no-undef
   809:29   warning  'math' is not defined                               no-undef
   809:40   warning  'math' is not defined                               no-undef
   809:54   warning  'math' is not defined                               no-undef
   809:68   warning  'math' is not defined                               no-undef
   809:77   warning  'math' is not defined                               no-undef
   809:103  warning  'math' is not defined                               no-undef
   811:17   warning  'math' is not defined                               no-undef
   811:29   warning  'math' is not defined                               no-undef
   811:40   warning  'math' is not defined                               no-undef
   811:54   warning  'math' is not defined                               no-undef
   811:68   warning  'math' is not defined                               no-undef
   811:77   warning  'math' is not defined                               no-undef
   811:103  warning  'math' is not defined                               no-undef
   812:17   warning  'math' is not defined                               no-undef
   812:29   warning  'math' is not defined                               no-undef
   812:40   warning  'math' is not defined                               no-undef
   812:54   warning  'math' is not defined                               no-undef
   812:68   warning  'math' is not defined                               no-undef
   812:77   warning  'math' is not defined                               no-undef
   812:103  warning  'math' is not defined                               no-undef
   813:17   warning  'math' is not defined                               no-undef
   813:29   warning  'math' is not defined                               no-undef
   813:40   warning  'math' is not defined                               no-undef
   813:54   warning  'math' is not defined                               no-undef
   813:68   warning  'math' is not defined                               no-undef
   813:77   warning  'math' is not defined                               no-undef
   813:103  warning  'math' is not defined                               no-undef
   814:17   warning  'math' is not defined                               no-undef
   814:29   warning  'math' is not defined                               no-undef
   814:40   warning  'math' is not defined                               no-undef
   814:54   warning  'math' is not defined                               no-undef
   814:68   warning  'math' is not defined                               no-undef
   814:77   warning  'math' is not defined                               no-undef
   814:103  warning  'math' is not defined                               no-undef
   816:16   warning  'math' is not defined                               no-undef
   816:28   warning  'math' is not defined                               no-undef
   816:39   warning  'math' is not defined                               no-undef
   816:53   warning  'math' is not defined                               no-undef
   817:16   warning  'math' is not defined                               no-undef
   817:28   warning  'math' is not defined                               no-undef
   817:39   warning  'math' is not defined                               no-undef
   817:53   warning  'math' is not defined                               no-undef
   818:16   warning  'math' is not defined                               no-undef
   818:28   warning  'math' is not defined                               no-undef
   818:39   warning  'math' is not defined                               no-undef
   818:53   warning  'math' is not defined                               no-undef
   819:16   warning  'math' is not defined                               no-undef
   819:28   warning  'math' is not defined                               no-undef
   819:39   warning  'math' is not defined                               no-undef
   819:53   warning  'math' is not defined                               no-undef
   821:15   warning  'math' is not defined                               no-undef
   821:27   warning  'math' is not defined                               no-undef
   821:38   warning  'math' is not defined                               no-undef
   821:52   warning  'math' is not defined                               no-undef
   821:61   warning  'math' is not defined                               no-undef
   821:89   warning  'math' is not defined                               no-undef
   822:15   warning  'math' is not defined                               no-undef
   822:27   warning  'math' is not defined                               no-undef
   822:38   warning  'math' is not defined                               no-undef
   822:52   warning  'math' is not defined                               no-undef
   822:61   warning  'math' is not defined                               no-undef
   822:89   warning  'math' is not defined                               no-undef
   822:109  warning  'b22' is not defined                                no-undef
   823:15   warning  'math' is not defined                               no-undef
   823:27   warning  'math' is not defined                               no-undef
   823:38   warning  'math' is not defined                               no-undef
   823:52   warning  'math' is not defined                               no-undef
   823:61   warning  'math' is not defined                               no-undef
   823:89   warning  'math' is not defined                               no-undef
   824:15   warning  'math' is not defined                               no-undef
   824:27   warning  'math' is not defined                               no-undef
   824:38   warning  'math' is not defined                               no-undef
   824:52   warning  'math' is not defined                               no-undef
   824:61   warning  'math' is not defined                               no-undef
   824:89   warning  'math' is not defined                               no-undef
   824:109  warning  'b22' is not defined                                no-undef
   836:8    warning  'mF' is assigned a value but never used             no-unused-vars
   836:13   warning  'math' is not defined                               no-undef
   837:8    warning  'mg' is assigned a value but never used             no-unused-vars
   837:13   warning  'math' is not defined                               no-undef
   841:1    warning  Mixed spaces and tabs                               no-mixed-spaces-and-tabs
   844:17   warning  'yop' is assigned a value but never used            no-unused-vars
   845:1    warning  Mixed spaces and tabs                               no-mixed-spaces-and-tabs
   846:1    warning  Mixed spaces and tabs                               no-mixed-spaces-and-tabs
   848:1    warning  Mixed spaces and tabs                               no-mixed-spaces-and-tabs
   849:1    warning  Mixed spaces and tabs                               no-mixed-spaces-and-tabs
   850:1    warning  Mixed spaces and tabs                               no-mixed-spaces-and-tabs
   851:1    warning  Mixed spaces and tabs                               no-mixed-spaces-and-tabs
   855:11   warning  Mixed spaces and tabs                               no-mixed-spaces-and-tabs
   856:10   warning  Mixed spaces and tabs                               no-mixed-spaces-and-tabs
   857:8    warning  Mixed spaces and tabs                               no-mixed-spaces-and-tabs
   858:1    warning  Mixed spaces and tabs                               no-mixed-spaces-and-tabs
   858:10   warning  't1' is not defined                                 no-undef
   859:1    warning  Mixed spaces and tabs                               no-mixed-spaces-and-tabs
   860:1    warning  Mixed spaces and tabs                               no-mixed-spaces-and-tabs
   861:1    warning  Mixed spaces and tabs                               no-mixed-spaces-and-tabs
   862:1    warning  Mixed spaces and tabs                               no-mixed-spaces-and-tabs
   864:1    warning  Mixed spaces and tabs                               no-mixed-spaces-and-tabs
   868:2    warning  Mixed spaces and tabs                               no-mixed-spaces-and-tabs
   868:15   warning  'math' is not defined                               no-undef
   868:24   warning  'math' is not defined                               no-undef
   868:50   warning  'math' is not defined                               no-undef
   868:76   warning  'math' is not defined                               no-undef
   869:12   warning  'math' is not defined                               no-undef
   869:21   warning  'math' is not defined                               no-undef
   869:47   warning  'math' is not defined                               no-undef
   869:73   warning  'math' is not defined                               no-undef
   874:8    warning  'y1_up' is already defined                          no-redeclare
   874:16   warning  'math' is not defined                               no-undef
   874:25   warning  'math' is not defined                               no-undef
   874:50   warning  'math' is not defined                               no-undef
   877:8    warning  'y2_up' is already defined                          no-redeclare
   877:16   warning  'math' is not defined                               no-undef
   877:25   warning  'math' is not defined                               no-undef
   877:50   warning  'math' is not defined                               no-undef
   882:1    warning  Mixed spaces and tabs                               no-mixed-spaces-and-tabs
   886:1    warning  Mixed spaces and tabs                               no-mixed-spaces-and-tabs
   889:12   warning  'math' is not defined                               no-undef
   889:21   warning  'math' is not defined                               no-undef
   889:47   warning  'math' is not defined                               no-undef
   889:73   warning  'math' is not defined                               no-undef
   889:96   warning  'math' is not defined                               no-undef
   890:12   warning  'math' is not defined                               no-undef
   890:21   warning  'math' is not defined                               no-undef
   890:47   warning  'math' is not defined                               no-undef
   890:73   warning  'math' is not defined                               no-undef
   890:96   warning  'math' is not defined                               no-undef
   892:2    warning  Mixed spaces and tabs                               no-mixed-spaces-and-tabs
   898:8    warning  'y1_up' is already defined                          no-redeclare
   898:16   warning  'math' is not defined                               no-undef
   898:25   warning  'math' is not defined                               no-undef
   898:50   warning  'math' is not defined                               no-undef
   901:8    warning  'y2_up' is already defined                          no-redeclare
   901:16   warning  'math' is not defined                               no-undef
   901:25   warning  'math' is not defined                               no-undef
   901:50   warning  'math' is not defined                               no-undef
   906:1    warning  Mixed spaces and tabs                               no-mixed-spaces-and-tabs
   910:1    warning  Mixed spaces and tabs                               no-mixed-spaces-and-tabs
   913:12   warning  'math' is not defined                               no-undef
   913:21   warning  'math' is not defined                               no-undef
   913:47   warning  'math' is not defined                               no-undef
   913:73   warning  'math' is not defined                               no-undef
   913:96   warning  'math' is not defined                               no-undef
   914:12   warning  'math' is not defined                               no-undef
   914:21   warning  'math' is not defined                               no-undef
   914:47   warning  'math' is not defined                               no-undef
   914:73   warning  'math' is not defined                               no-undef
   914:96   warning  'math' is not defined                               no-undef
   916:2    warning  Mixed spaces and tabs                               no-mixed-spaces-and-tabs
   922:8    warning  'y1_up' is already defined                          no-redeclare
   922:16   warning  'math' is not defined                               no-undef
   922:25   warning  'math' is not defined                               no-undef
   922:50   warning  'math' is not defined                               no-undef
   925:8    warning  'y2_up' is already defined                          no-redeclare
   925:16   warning  'math' is not defined                               no-undef
   925:25   warning  'math' is not defined                               no-undef
   925:50   warning  'math' is not defined                               no-undef
   930:1    warning  Mixed spaces and tabs                               no-mixed-spaces-and-tabs
   934:1    warning  Mixed spaces and tabs                               no-mixed-spaces-and-tabs
   938:12   warning  'math' is not defined                               no-undef
   938:21   warning  'math' is not defined                               no-undef
   938:47   warning  'math' is not defined                               no-undef
   938:73   warning  'math' is not defined                               no-undef
   938:97   warning  'math' is not defined                               no-undef
   939:12   warning  'math' is not defined                               no-undef
   939:21   warning  'math' is not defined                               no-undef
   939:47   warning  'math' is not defined                               no-undef
   939:73   warning  'math' is not defined                               no-undef
   939:97   warning  'math' is not defined                               no-undef
   941:2    warning  Mixed spaces and tabs                               no-mixed-spaces-and-tabs
   947:8    warning  'y1_up' is already defined                          no-redeclare
   947:16   warning  'math' is not defined                               no-undef
   947:25   warning  'math' is not defined                               no-undef
   947:50   warning  'math' is not defined                               no-undef
   950:8    warning  'y2_up' is already defined                          no-redeclare
   950:16   warning  'math' is not defined                               no-undef
   950:25   warning  'math' is not defined                               no-undef
   950:50   warning  'math' is not defined                               no-undef
   955:1    warning  Mixed spaces and tabs                               no-mixed-spaces-and-tabs
   959:1    warning  Mixed spaces and tabs                               no-mixed-spaces-and-tabs
   964:12   warning  'math' is not defined                               no-undef
   964:21   warning  'math' is not defined                               no-undef
   964:47   warning  'math' is not defined                               no-undef
   964:73   warning  'math' is not defined                               no-undef
   965:12   warning  'math' is not defined                               no-undef
   965:21   warning  'math' is not defined                               no-undef
   965:47   warning  'math' is not defined                               no-undef
   965:73   warning  'math' is not defined                               no-undef
   970:8    warning  'y1_up' is already defined                          no-redeclare
   970:16   warning  'math' is not defined                               no-undef
   970:25   warning  'math' is not defined                               no-undef
   970:50   warning  'math' is not defined                               no-undef
   973:8    warning  'y2_up' is already defined                          no-redeclare
   973:16   warning  'math' is not defined                               no-undef
   973:25   warning  'math' is not defined                               no-undef
   973:50   warning  'math' is not defined                               no-undef
   978:1    warning  Mixed spaces and tabs                               no-mixed-spaces-and-tabs
   982:1    warning  Mixed spaces and tabs                               no-mixed-spaces-and-tabs
   985:12   warning  'math' is not defined                               no-undef
   985:21   warning  'math' is not defined                               no-undef
   985:47   warning  'math' is not defined                               no-undef
   985:73   warning  'math' is not defined                               no-undef
   986:12   warning  'math' is not defined                               no-undef
   986:21   warning  'math' is not defined                               no-undef
   986:47   warning  'math' is not defined                               no-undef
   986:73   warning  'math' is not defined                               no-undef
   991:8    warning  'y1_up' is already defined                          no-redeclare
   991:16   warning  'math' is not defined                               no-undef
   991:25   warning  'math' is not defined                               no-undef
   991:50   warning  'math' is not defined                               no-undef
   994:8    warning  'y2_up' is already defined                          no-redeclare
   994:16   warning  'math' is not defined                               no-undef
   994:25   warning  'math' is not defined                               no-undef
   994:50   warning  'math' is not defined                               no-undef
   999:1    warning  Mixed spaces and tabs                               no-mixed-spaces-and-tabs
  1003:1    warning  Mixed spaces and tabs                               no-mixed-spaces-and-tabs
  1012:2    warning  Mixed spaces and tabs                               no-mixed-spaces-and-tabs
  1012:15   warning  'math' is not defined                               no-undef
  1012:24   warning  'math' is not defined                               no-undef
  1012:50   warning  'math' is not defined                               no-undef
  1012:76   warning  'math' is not defined                               no-undef
  1013:12   warning  'math' is not defined                               no-undef
  1013:21   warning  'math' is not defined                               no-undef
  1013:47   warning  'math' is not defined                               no-undef
  1013:73   warning  'math' is not defined                               no-undef
  1018:8    warning  'y1_up' is already defined                          no-redeclare
  1018:16   warning  'math' is not defined                               no-undef
  1018:25   warning  'math' is not defined                               no-undef
  1018:50   warning  'math' is not defined                               no-undef
  1021:8    warning  'y2_up' is already defined                          no-redeclare
  1021:16   warning  'math' is not defined                               no-undef
  1021:25   warning  'math' is not defined                               no-undef
  1021:50   warning  'math' is not defined                               no-undef
  1026:1    warning  Mixed spaces and tabs                               no-mixed-spaces-and-tabs
  1030:1    warning  Mixed spaces and tabs                               no-mixed-spaces-and-tabs
  1032:6    warning  'math' is not defined                               no-undef
  1038:19   warning  'CanvasJS' is not defined                           no-undef
  1041:1    warning  Mixed spaces and tabs                               no-mixed-spaces-and-tabs
  1042:1    warning  Mixed spaces and tabs                               no-mixed-spaces-and-tabs
  1043:2    warning  Mixed spaces and tabs                               no-mixed-spaces-and-tabs
  1044:1    warning  Mixed spaces and tabs                               no-mixed-spaces-and-tabs
  1046:1    warning  Mixed spaces and tabs                               no-mixed-spaces-and-tabs
  1048:1    warning  Mixed spaces and tabs                               no-mixed-spaces-and-tabs
  1049:1    warning  Mixed spaces and tabs                               no-mixed-spaces-and-tabs
  1057:1    warning  Mixed spaces and tabs                               no-mixed-spaces-and-tabs
  1058:2    warning  Mixed spaces and tabs                               no-mixed-spaces-and-tabs
  1085:19   warning  'CanvasJS' is not defined                           no-undef
  1088:1    warning  Mixed spaces and tabs                               no-mixed-spaces-and-tabs
  1089:1    warning  Mixed spaces and tabs                               no-mixed-spaces-and-tabs
  1090:2    warning  Mixed spaces and tabs                               no-mixed-spaces-and-tabs
  1091:1    warning  Mixed spaces and tabs                               no-mixed-spaces-and-tabs
  1093:1    warning  Mixed spaces and tabs                               no-mixed-spaces-and-tabs
  1095:1    warning  Mixed spaces and tabs                               no-mixed-spaces-and-tabs
  1096:1    warning  Mixed spaces and tabs                               no-mixed-spaces-and-tabs
  1104:1    warning  Mixed spaces and tabs                               no-mixed-spaces-and-tabs
  1105:2    warning  Mixed spaces and tabs                               no-mixed-spaces-and-tabs
  1154:10   warning  'saveImg' is defined but never used                 no-unused-vars
  1155:1    warning  'html2canvas' is not defined                        no-undef

✖ 1131 problems (0 errors, 1131 warnings)

